// Jest Snapshot v1, https://goo.gl/fbAQLP

exports[`Pruebas en GifItem Debe hacer match con el snapchot 1`] = `
<div>
  <div
    class="card"
  >
    <img
      alt="Goku"
      src="https://dragonball.com"
    />
    <p>
      Goku
    </p>
  </div>
</div>
`;
